WARNING : Project's CLI version could not be detected from `requirements.txt`.
WARNING : Try `pretext update-project` to produce a compatible file.
INFO    : Building target web
INFO    : XSL conversion of /home/habiba_sorour/runestone/books/complex/pretext/main.ptx by /home/habiba_sorour/.ptx/2.42.0/core/xsl/utilities/pretext-enhanced-source.xsl
INFO    : successful application of /home/habiba_sorour/.ptx/2.42.0/core/xsl/utilities/pretext-enhanced-source.xsl
WARNING : Schema validation could not be completed: no validator was available (jing is not installed and lxml could not compile the schema). Continuing with build.
INFO    : Generating any needed assets.
WARNING : Now generating QR codes
WARNING : You are trying to generate qrcodes, but the publication file does not have a base URL. This will result in qrcodes that do not point to anything meaningful.
INFO    : XSL conversion of /home/habiba_sorour/runestone/books/complex/pretext/main.ptx by /home/habiba_sorour/.ptx/2.42.0/core/xsl/utilities/report-publisher-variables.xsl
INFO    : successful application of /home/habiba_sorour/.ptx/2.42.0/core/xsl/utilities/report-publisher-variables.xsl
INFO    : discovering source file's directory name: /home/habiba_sorour/runestone/books/complex/pretext
INFO    : verifying and expanding input directory: /home/habiba_sorour/runestone/books/complex/pretext/GenFigs
INFO    : input directory expanded to absolute path: /home/habiba_sorour/runestone/books/complex/pretext/GenFigs
INFO    : verifying and expanding input directory: /home/habiba_sorour/runestone/books/complex/pretext/Figures
INFO    : input directory expanded to absolute path: /home/habiba_sorour/runestone/books/complex/pretext/Figures
INFO    : manufacturing QR codes from /home/habiba_sorour/runestone/books/complex/pretext/main.ptx for placement in /home/habiba_sorour/runestone/books/complex/pretext/GenFigs/qrcode
INFO    : XSL conversion of /home/habiba_sorour/runestone/books/complex/pretext/main.ptx by /home/habiba_sorour/.ptx/2.42.0/core/xsl/extract-qrcode.xsl
INFO    : messages from the log for XSL processing:
ERROR   : * PTX:ERROR: the @xml:id value "cellular-automatons_id1" should be unique, but is authored multiple times.
INFO    : *            Results will be unpredictable, and likely incorrect.  Information on the locations follows:
INFO    : *              located at: pretext/book/chapter/section/p
INFO    : *              located within: "cellular-automatons_id1" (xml:id)
INFO    : *              located at: pretext/book/chapter/section/p
INFO    : *              located within: "cellular-automatons_id1" (xml:id)
INFO    : *              located at: pretext/book/chapter/section/p
INFO    : *              located within: "cellular-automatons_id1" (xml:id)
ERROR   : * PTX:ERROR: the @xml:id value "id1" should be unique, but is authored multiple times.
INFO    : *            Results will be unpredictable, and likely incorrect.  Information on the locations follows:
INFO    : *              located at: pretext/book/chapter/section/figure
INFO    : *              located within: "id1" (xml:id)
INFO    : *              located at: pretext/book/chapter/section/figure
INFO    : *              located within: "id1" (xml:id)
INFO    : *              located at: pretext/book/chapter/section/figure
INFO    : *              located within: "id1" (xml:id)
INFO    : *              located at: pretext/book/chapter/section/figure
INFO    : *              located within: "id1" (xml:id)
INFO    : *              located at: pretext/book/chapter/section/figure
INFO    : *              located within: "id1" (xml:id)
INFO    : *              located at: pretext/book/chapter/section/figure
INFO    : *              located within: "id1" (xml:id)
INFO    : *              located at: pretext/book/chapter/section/figure
INFO    : *              located within: "id1" (xml:id)
INFO    : *              located at: pretext/book/chapter/section/figure
INFO    : *              located within: "id1" (xml:id)
INFO    : *              located at: pretext/book/chapter/section/figure
INFO    : *              located within: "id1" (xml:id)
INFO    : *              located at: pretext/book/chapter/section/figure
INFO    : *              located within: "id1" (xml:id)
INFO    : *              located at: pretext/book/chapter/section/figure
INFO    : *              located within: "id1" (xml:id)
INFO    : *              located at: pretext/book/chapter/section/figure
INFO    : *              located within: "id1" (xml:id)
INFO    : *              located at: pretext/book/chapter/section/figure
INFO    : *              located within: "id1" (xml:id)
ERROR   : * PTX:ERROR: the @xml:id value "id2" should be unique, but is authored multiple times.
INFO    : *            Results will be unpredictable, and likely incorrect.  Information on the locations follows:
INFO    : *              located at: pretext/book/chapter/section/figure
INFO    : *              located within: "id2" (xml:id)
INFO    : *              located at: pretext/book/chapter/section/figure
INFO    : *              located within: "id2" (xml:id)
INFO    : *              located at: pretext/book/chapter/section/figure
INFO    : *              located within: "id2" (xml:id)
INFO    : *              located at: pretext/book/chapter/section/figure
INFO    : *              located within: "id2" (xml:id)
INFO    : *              located at: pretext/book/chapter/section/figure
INFO    : *              located within: "id2" (xml:id)
INFO    : *              located at: pretext/book/chapter/section/figure
INFO    : *              located within: "id2" (xml:id)
INFO    : *              located at: pretext/book/chapter/section/figure
INFO    : *              located within: "id2" (xml:id)
ERROR   : * PTX:ERROR: the @xml:id value "id3" should be unique, but is authored multiple times.
INFO    : *            Results will be unpredictable, and likely incorrect.  Information on the locations follows:
INFO    : *              located at: pretext/book/chapter/section/figure
INFO    : *              located within: "id3" (xml:id)
INFO    : *              located at: pretext/book/chapter/section/figure
INFO    : *              located within: "id3" (xml:id)
ERROR   : * PTX:ERROR: the @xml:id value "id4" should be unique, but is authored multiple times.
INFO    : *            Results will be unpredictable, and likely incorrect.  Information on the locations follows:
INFO    : *              located at: pretext/book/chapter/section/figure
INFO    : *              located within: "id4" (xml:id)
INFO    : *              located at: pretext/book/chapter/section/figure
INFO    : *              located within: "id4" (xml:id)
ERROR   : * PTX:ERROR: the @xml:id value "pm-fig-1" should be unique, but is authored multiple times.
INFO    : *            Results will be unpredictable, and likely incorrect.  Information on the locations follows:
INFO    : *              located at: pretext/book/chapter/section/figure
INFO    : *              located within: "pm-fig-1" (xml:id)
INFO    : *              located at: pretext/book/chapter/section/figure
INFO    : *              located within: "pm-fig-1" (xml:id)
ERROR   : * PTX:ERROR: the @label value "True" should be unique, but is authored multiple times.
INFO    : *            Results will be unpredictable, and likely incorrect.  Information on the locations follows:
INFO    : *              located at: pretext/book/chapter/section/subsection/subsubsection/math_block
INFO    : *              located within: "algorithm-analysis_solution-1-checking-off" (xml:id), "Solution 1: Checking Off" (title)
INFO    : *              located at: pretext/book/chapter/section/math_block
INFO    : *              located within: "scale-free-networks_heavy-tailed-distributions" (xml:id), "Heavy-tailed Distributions" (title)
INFO    : *              located at: pretext/book/chapter/section/math_block
INFO    : *              located within: "scale-free-networks_cumulative-distributions" (xml:id), "Cumulative Distributions" (title)
INFO    : *              located at: pretext/book/chapter/section/math_block
INFO    : *              located within: "scale-free-networks_cumulative-distributions" (xml:id), "Cumulative Distributions" (title)
INFO    : *              located at: pretext/book/chapter/section/math_block
INFO    : *              located within: "scale-free-networks_cumulative-distributions" (xml:id), "Cumulative Distributions" (title)
INFO    : *              located at: pretext/book/chapter/section/math_block
INFO    : *              located within: "cellular-automatons_cross-correlation" (xml:id), "Cross-Correlation" (title)
INFO    : *              located at: pretext/book/chapter/section/math_block
INFO    : *              located within: "self-organized-criticality_pink-noise" (xml:id), "Pink Noise" (title)
INFO    : *              located at: pretext/book/chapter/section/math_block
INFO    : *              located within: "self-organized-criticality_pink-noise" (xml:id), "Pink Noise" (title)
INFO    : *              located at: pretext/book/chapter/section/math_block
INFO    : *              located within: "self-organized-criticality_pink-noise" (xml:id), "Pink Noise" (title)
INFO    : successful application of /home/habiba_sorour/.ptx/2.42.0/core/xsl/extract-qrcode.xsl
INFO    : QR code creation complete
INFO    : Removing temporary directory /tmp/ptx-fa3sbd3j
INFO    : Finished generating assets.

INFO    : Preparing to build into /home/habiba_sorour/runestone/books/complex/output/web.
INFO    : discovering source file's directory name: /home/habiba_sorour/runestone/books/complex/pretext
INFO    : verifying and expanding input directory: /home/habiba_sorour/runestone/books/complex/pretext/GenFigs
INFO    : input directory expanded to absolute path: /home/habiba_sorour/runestone/books/complex/pretext/GenFigs
INFO    : verifying and expanding input directory: /home/habiba_sorour/runestone/books/complex/pretext/Figures
INFO    : input directory expanded to absolute path: /home/habiba_sorour/runestone/books/complex/pretext/Figures
INFO    : discovering source file's directory name: /home/habiba_sorour/runestone/books/complex/pretext
INFO    : XSL conversion of /home/habiba_sorour/runestone/books/complex/pretext/main.ptx by /home/habiba_sorour/.ptx/2.42.0/core/xsl/utilities/report-publisher-variables.xsl
INFO    : successful application of /home/habiba_sorour/.ptx/2.42.0/core/xsl/utilities/report-publisher-variables.xsl
INFO    : Downloading rs services file from https://runestone.academy/cdn/runestone/latest/webpack_static_imports.xml.
INFO    : Runestone Services via online CDN query: version 8.1.7
INFO    : Downloading Runestone Services, version 8.1.7
INFO    : Extracting Runestone Services from archive file
INFO    : Building custom css theme: theme-default-modern
INFO    : converting /home/habiba_sorour/runestone/books/complex/pretext/main.ptx to HTML in /tmp/ptx-vbno4lwf
INFO    : XSL conversion of /home/habiba_sorour/runestone/books/complex/pretext/main.ptx by /home/habiba_sorour/.ptx/2.42.0/core/xsl/pretext-html.xsl
INFO    : messages from the log for XSL processing:
ERROR   : * PTX:ERROR: the @xml:id value "cellular-automatons_id1" should be unique, but is authored multiple times.
INFO    : *            Results will be unpredictable, and likely incorrect.  Information on the locations follows:
INFO    : *              located at: pretext/book/chapter/section/p
INFO    : *              located within: "cellular-automatons_id1" (xml:id)
INFO    : *              located at: pretext/book/chapter/section/p
INFO    : *              located within: "cellular-automatons_id1" (xml:id)
INFO    : *              located at: pretext/book/chapter/section/p
INFO    : *              located within: "cellular-automatons_id1" (xml:id)
ERROR   : * PTX:ERROR: the @xml:id value "id1" should be unique, but is authored multiple times.
INFO    : *            Results will be unpredictable, and likely incorrect.  Information on the locations follows:
INFO    : *              located at: pretext/book/chapter/section/figure
INFO    : *              located within: "id1" (xml:id)
INFO    : *              located at: pretext/book/chapter/section/figure
INFO    : *              located within: "id1" (xml:id)
INFO    : *              located at: pretext/book/chapter/section/figure
INFO    : *              located within: "id1" (xml:id)
INFO    : *              located at: pretext/book/chapter/section/figure
INFO    : *              located within: "id1" (xml:id)
INFO    : *              located at: pretext/book/chapter/section/figure
INFO    : *              located within: "id1" (xml:id)
INFO    : *              located at: pretext/book/chapter/section/figure
INFO    : *              located within: "id1" (xml:id)
INFO    : *              located at: pretext/book/chapter/section/figure
INFO    : *              located within: "id1" (xml:id)
INFO    : *              located at: pretext/book/chapter/section/figure
INFO    : *              located within: "id1" (xml:id)
INFO    : *              located at: pretext/book/chapter/section/figure
INFO    : *              located within: "id1" (xml:id)
INFO    : *              located at: pretext/book/chapter/section/figure
INFO    : *              located within: "id1" (xml:id)
INFO    : *              located at: pretext/book/chapter/section/figure
INFO    : *              located within: "id1" (xml:id)
INFO    : *              located at: pretext/book/chapter/section/figure
INFO    : *              located within: "id1" (xml:id)
INFO    : *              located at: pretext/book/chapter/section/figure
INFO    : *              located within: "id1" (xml:id)
ERROR   : * PTX:ERROR: the @xml:id value "id2" should be unique, but is authored multiple times.
INFO    : *            Results will be unpredictable, and likely incorrect.  Information on the locations follows:
INFO    : *              located at: pretext/book/chapter/section/figure
INFO    : *              located within: "id2" (xml:id)
INFO    : *              located at: pretext/book/chapter/section/figure
INFO    : *              located within: "id2" (xml:id)
INFO    : *              located at: pretext/book/chapter/section/figure
INFO    : *              located within: "id2" (xml:id)
INFO    : *              located at: pretext/book/chapter/section/figure
INFO    : *              located within: "id2" (xml:id)
INFO    : *              located at: pretext/book/chapter/section/figure
INFO    : *              located within: "id2" (xml:id)
INFO    : *              located at: pretext/book/chapter/section/figure
INFO    : *              located within: "id2" (xml:id)
INFO    : *              located at: pretext/book/chapter/section/figure
INFO    : *              located within: "id2" (xml:id)
ERROR   : * PTX:ERROR: the @xml:id value "id3" should be unique, but is authored multiple times.
INFO    : *            Results will be unpredictable, and likely incorrect.  Information on the locations follows:
INFO    : *              located at: pretext/book/chapter/section/figure
INFO    : *              located within: "id3" (xml:id)
INFO    : *              located at: pretext/book/chapter/section/figure
INFO    : *              located within: "id3" (xml:id)
ERROR   : * PTX:ERROR: the @xml:id value "id4" should be unique, but is authored multiple times.
INFO    : *            Results will be unpredictable, and likely incorrect.  Information on the locations follows:
INFO    : *              located at: pretext/book/chapter/section/figure
INFO    : *              located within: "id4" (xml:id)
INFO    : *              located at: pretext/book/chapter/section/figure
INFO    : *              located within: "id4" (xml:id)
ERROR   : * PTX:ERROR: the @xml:id value "pm-fig-1" should be unique, but is authored multiple times.
INFO    : *            Results will be unpredictable, and likely incorrect.  Information on the locations follows:
INFO    : *              located at: pretext/book/chapter/section/figure
INFO    : *              located within: "pm-fig-1" (xml:id)
INFO    : *              located at: pretext/book/chapter/section/figure
INFO    : *              located within: "pm-fig-1" (xml:id)
ERROR   : * PTX:ERROR: the @label value "True" should be unique, but is authored multiple times.
INFO    : *            Results will be unpredictable, and likely incorrect.  Information on the locations follows:
INFO    : *              located at: pretext/book/chapter/section/subsection/subsubsection/math_block
INFO    : *              located within: "algorithm-analysis_solution-1-checking-off" (xml:id), "Solution 1: Checking Off" (title)
INFO    : *              located at: pretext/book/chapter/section/math_block
INFO    : *              located within: "scale-free-networks_heavy-tailed-distributions" (xml:id), "Heavy-tailed Distributions" (title)
INFO    : *              located at: pretext/book/chapter/section/math_block
INFO    : *              located within: "scale-free-networks_cumulative-distributions" (xml:id), "Cumulative Distributions" (title)
INFO    : *              located at: pretext/book/chapter/section/math_block
INFO    : *              located within: "scale-free-networks_cumulative-distributions" (xml:id), "Cumulative Distributions" (title)
INFO    : *              located at: pretext/book/chapter/section/math_block
INFO    : *              located within: "scale-free-networks_cumulative-distributions" (xml:id), "Cumulative Distributions" (title)
INFO    : *              located at: pretext/book/chapter/section/math_block
INFO    : *              located within: "cellular-automatons_cross-correlation" (xml:id), "Cross-Correlation" (title)
INFO    : *              located at: pretext/book/chapter/section/math_block
INFO    : *              located within: "self-organized-criticality_pink-noise" (xml:id), "Pink Noise" (title)
INFO    : *              located at: pretext/book/chapter/section/math_block
INFO    : *              located within: "self-organized-criticality_pink-noise" (xml:id), "Pink Noise" (title)
INFO    : *              located at: pretext/book/chapter/section/math_block
INFO    : *              located within: "self-organized-criticality_pink-noise" (xml:id), "Pink Noise" (title)
ERROR   : * PTX:ERROR:      The @label "Q2_3.3" is invalid.  Use only letters, numbers, hyphens and underscores.
ERROR   : * PTX:ERROR:      The @label "Q1_3.6" is invalid.  Use only letters, numbers, hyphens and underscores.
ERROR   : * PTX:ERROR:      The @label "Q2_3.6" is invalid.  Use only letters, numbers, hyphens and underscores.
ERROR   : * PTX:ERROR:      The @label "question_4.5.1" is invalid.  Use only letters, numbers, hyphens and underscores.
ERROR   : * PTX:ERROR:      The @label "q_4.8" is invalid.  Use only letters, numbers, hyphens and underscores.
ERROR   : * PTX:ERROR:      The @label "q1_4.9_" is invalid.  Use only letters, numbers, hyphens and underscores.
ERROR   : * PTX:ERROR:      The @label "q1_4.10" is invalid.  Use only letters, numbers, hyphens and underscores.
ERROR   : * PTX:ERROR:      The @label "q1_4.11" is invalid.  Use only letters, numbers, hyphens and underscores.
ERROR   : * PTX:ERROR:      The @label "Q1_5.2" is invalid.  Use only letters, numbers, hyphens and underscores.
ERROR   : * PTX:ERROR:      The @label "q2_6.3" is invalid.  Use only letters, numbers, hyphens and underscores.
ERROR   : * PTX:ERROR:      The @label "q1_6.4" is invalid.  Use only letters, numbers, hyphens and underscores.
ERROR   : * PTX:ERROR:      The @label "q1_6.8" is invalid.  Use only letters, numbers, hyphens and underscores.
ERROR   : * PTX:ERROR:      The @label "q7.2" is invalid.  Use only letters, numbers, hyphens and underscores.
ERROR   : * PTX:ERROR:      The @label "q_7.3" is invalid.  Use only letters, numbers, hyphens and underscores.
ERROR   : * PTX:ERROR:      The @label "q_7.4" is invalid.  Use only letters, numbers, hyphens and underscores.
ERROR   : * PTX:ERROR:      The @label "q_7.5" is invalid.  Use only letters, numbers, hyphens and underscores.
ERROR   : * PTX:ERROR:      The @label "q_7.7" is invalid.  Use only letters, numbers, hyphens and underscores.
ERROR   : * PTX:ERROR:      The @label "q_7.8" is invalid.  Use only letters, numbers, hyphens and underscores.
ERROR   : * PTX:ERROR:      The @label "q_7.9" is invalid.  Use only letters, numbers, hyphens and underscores.
ERROR   : * PTX:ERROR:      The @label "q_7.11" is invalid.  Use only letters, numbers, hyphens and underscores.
ERROR   : * PTX:ERROR:      The @label "q_7.13" is invalid.  Use only letters, numbers, hyphens and underscores.
ERROR   : * PTX:ERROR:      The @label "q_8.2" is invalid.  Use only letters, numbers, hyphens and underscores.
ERROR   : * PTX:ERROR:      The @label "q_8.3.3" is invalid.  Use only letters, numbers, hyphens and underscores.
ERROR   : * PTX:ERROR:      The @label "q_8.3" is invalid.  Use only letters, numbers, hyphens and underscores.
ERROR   : * PTX:ERROR:      The @label "q_8.4.2" is invalid.  Use only letters, numbers, hyphens and underscores.
ERROR   : * PTX:ERROR:      The @label "q_8.4.5" is invalid.  Use only letters, numbers, hyphens and underscores.
ERROR   : * PTX:ERROR:      The @label "q_8.7" is invalid.  Use only letters, numbers, hyphens and underscores.
ERROR   : * PTX:ERROR:      The @label "q_9.2" is invalid.  Use only letters, numbers, hyphens and underscores.
ERROR   : * PTX:ERROR:      The @label "q_9.5.1" is invalid.  Use only letters, numbers, hyphens and underscores.
ERROR   : * PTX:ERROR:      The @label "q_9.7.1" is invalid.  Use only letters, numbers, hyphens and underscores.
ERROR   : * PTX:ERROR:      The @label "q_9.9.2" is invalid.  Use only letters, numbers, hyphens and underscores.
ERROR   : * PTX:ERROR:      The @label "q_9.10" is invalid.  Use only letters, numbers, hyphens and underscores.
ERROR   : * PTX:ERROR:      The @label "q_10.3" is invalid.  Use only letters, numbers, hyphens and underscores.
ERROR   : * PTX:ERROR:      The @label "q_10.4" is invalid.  Use only letters, numbers, hyphens and underscores.
ERROR   : * PTX:ERROR:      The @label "CH10.7_Q1" is invalid.  Use only letters, numbers, hyphens and underscores.
ERROR   : * PTX:ERROR:      The @label "Q_11.2.1" is invalid.  Use only letters, numbers, hyphens and underscores.
ERROR   : * PTX:ERROR:      The @label "q_11.4.2" is invalid.  Use only letters, numbers, hyphens and underscores.
ERROR   : * PTX:ERROR:      The @label "q_11.5.1" is invalid.  Use only letters, numbers, hyphens and underscores.
ERROR   : * PTX:ERROR:      The @label "q_12.1" is invalid.  Use only letters, numbers, hyphens and underscores.
ERROR   : * PTX:ERROR:      The @label "q_12.2" is invalid.  Use only letters, numbers, hyphens and underscores.
ERROR   : * PTX:ERROR:      The @label "q_12.3" is invalid.  Use only letters, numbers, hyphens and underscores.
ERROR   : * PTX:ERROR:      The @label "q_12.5" is invalid.  Use only letters, numbers, hyphens and underscores.
ERROR   : * PTX:ERROR:      The @label "CH12.5_Q2" is invalid.  Use only letters, numbers, hyphens and underscores.
ERROR   : * PTX:ERROR:      The @label "q_13.7" is invalid.  Use only letters, numbers, hyphens and underscores.
ERROR   : * PTX:ERROR:      The @label "q_12.8" is invalid.  Use only letters, numbers, hyphens and underscores.
ERROR   : * PTX:ERROR:      The @label "CH12.9_Q1" is invalid.  Use only letters, numbers, hyphens and underscores.
ERROR   : * PTX:ERROR:      The @label "q_13.4" is invalid.  Use only letters, numbers, hyphens and underscores.
ERROR   : * PTX:ERROR:      The @label "q_13.5.1" is invalid.  Use only letters, numbers, hyphens and underscores.
ERROR   : * PTX:ERROR:      The @label "Ch13.6_Q1" is invalid.  Use only letters, numbers, hyphens and underscores.
ERROR   : * PTX:ERROR:      The @label "Ch13.8_Q1" is invalid.  Use only letters, numbers, hyphens and underscores.
ERROR   : * PTX:ERROR:      The @label "q_13.9" is invalid.  Use only letters, numbers, hyphens and underscores.
WARNING : * PTX:WARNING: In a section containing subsections, any content that is not inside a subsection needs to be inside an <introduction> and/or  <conclusion>.
INFO    : *              located at: pretext/book/chapter/section
INFO    : *              located within: "algorithm-analysis_what-is-algorithm-analysis" (xml:id), "What Is Algorithm Analysis?" (title)
WARNING : * PTX:WARNING: In a subsection containing subsubsections, any content that is not inside a subsubsection needs to be inside an <introduction> and/or  <conclusion>.
INFO    : *              located at: pretext/book/chapter/section/subsection
INFO    : *              located within: "algorithm-analysis_an-anagram-detection-example" (xml:id), "An Anagram Detection Example" (title)
INFO    : * PTX:INFO:   checking all deprecated elements.
WARNING : * PTX:DEPRECATE: (2022-04-25) a "@label" attribute (on a "ul" or "ol" element) has been deprecated and should be replaced by the functionally equivalent "@marker".  We will attempt to honor your request (17 times)
INFO    : *              located at: pretext/book/chapter/section/p/ol/@label
INFO    : *              located within: "graphs_connected" (xml:id), "Connected Graphs" (title)
INFO    : *              located at: pretext/book/chapter/exercises/p/ol/@label
INFO    : *              located within: "graphs_exercises" (xml:id), "Exercises" (title)
INFO    : *              located at: pretext/book/chapter/section/p/ol/@label
INFO    : *              located within: "small-world-graphs_watts-and-strogatz" (xml:id), "Watts and Strogatz" (title)
INFO    : *              located at: pretext/book/chapter/section/p/ol/@label
INFO    : *              located within: "small-world-graphs_watts-and-strogatz" (xml:id), "Watts and Strogatz" (title)
INFO    : *              located at: pretext/book/chapter/section/p/ol/@label
INFO    : *              located within: "swg-fig-2" (xml:id), "WS Graphs" (title)
INFO    : *              located at: pretext/book/chapter/section/p/ol/@label
INFO    : *              located within: "scale-free-networks_explanatory-models" (xml:id), "Explanatory Models" (title)
INFO    : *              located at: pretext/book/chapter/exercises/p/ol/@label
INFO    : *              located within: "cellular-automatons_exercises" (xml:id), "Exercises" (title)
INFO    : *              located at: pretext/book/chapter/exercises/p/ol/@label
INFO    : *              located within: "cellular-automatons_exercises" (xml:id), "Exercises" (title)
INFO    : *              located at: pretext/book/chapter/exercises/p/ol/@label
INFO    : *              located within: "physical-modeling_exercises" (xml:id), "Exercises" (title)
INFO    : *              located at: pretext/book/chapter/section/p/ol/@label
INFO    : *              located within: "evolution_introduction" (xml:id), "Introduction" (title)
INFO    : *              located at: pretext/book/chapter/exercises/p/ol/@label
INFO    : *              located within: "evolution-of-cooperation_exercises" (xml:id), "Exercises" (title)
INFO    : *              located at: pretext/book/chapter/section/p/ol/@label
INFO    : *              located within: "appendix2_getting-started-with-colab" (xml:id), "Getting Started With Google Colab" (title)
INFO    : *              located at: pretext/book/chapter/section/p/ol/@label
INFO    : *              located within: "appendix2_getting-started-with-colab" (xml:id), "Getting Started With Google Colab" (title)
INFO    : *              located at: pretext/book/chapter/section/p/ol/@label
INFO    : *              located within: "appendix2_getting-started-with-colab" (xml:id), "Getting Started With Google Colab" (title)
INFO    : *              located at: pretext/book/chapter/section/p/ol/@label
INFO    : *              located within: "appendix2_getting-started-with-colab" (xml:id), "Getting Started With Google Colab" (title)
INFO    : *              located at: pretext/book/chapter/section/p/ol/@label
INFO    : *              located within: "appendix2_getting-started-with-colab" (xml:id), "Getting Started With Google Colab" (title)
INFO    : *              located at: pretext/book/chapter/section/p/ol/@label
INFO    : *              located within: "appendix2_getting-started-with-colab" (xml:id), "Getting Started With Google Colab" (title)
INFO    : * --------------
WARNING : * PTX:DEPRECATE: (2024-07-24) Experiments using the @permid attribute have concluded, and the attribute is now being ignored.  You can safely remove them all and then this message will stop. (1 time)
INFO    : * --------------
WARNING : * PTX:DEPRECATE: (2025-04-18) the "matches" element inside an "exercise" (or similar) to specify a drag-n-drop problem has been replaced by the "cardsort" element.  This is an entirely cosmetic change.  Until you make the change in your source, we will try to honor your intent. (33 times)
INFO    : *              located at: pretext/book/chapter/section/exercise/matches
INFO    : *              located within: "complexity-science_matching" (xml:id), "Matching" (title)
INFO    : *              located at: pretext/book/chapter/section/exercise/matches
INFO    : *              located within: "algorithm-analysis_matching" (xml:id), "Matching" (title)
INFO    : *              located at: pretext/book/chapter/section/exercise/matches
INFO    : *              located within: "graphs-networkx" (xml:id), "NetworkX" (title)
INFO    : *              located at: pretext/book/chapter/section/exercise/matches
INFO    : *              located within: "graphs_connected" (xml:id), "Connected Graphs" (title)
INFO    : *              located at: pretext/book/chapter/section/exercise/matches
INFO    : *              located within: "graphs_matching" (xml:id), "Matching" (title)
INFO    : *              located at: pretext/book/chapter/section/exercise/matches
INFO    : *              located within: "graphs_self-check" (xml:id), "Self Check" (title)
INFO    : *              located at: pretext/book/chapter/section/exercise/matches
INFO    : *              located within: "small-world-graphs_watts-and-strogatz" (xml:id), "Watts and Strogatz" (title)
INFO    : *              located at: pretext/book/chapter/section/exercise/matches
INFO    : *              located within: "small-world-graphs_matching" (xml:id), "Matching" (title)
INFO    : *              located at: pretext/book/chapter/section/exercise/matches
INFO    : *              located within: "small-world-graphs_self-check" (xml:id), "Self Check" (title)
INFO    : *              located at: pretext/book/chapter/section/exercise/matches
INFO    : *              located within: "scale-free-networks_social-network-data" (xml:id), "Social Network Data" (title)
INFO    : *              located at: pretext/book/chapter/section/exercise/matches
INFO    : *              located within: "scale-free-networks_matching" (xml:id), "Matching" (title)
INFO    : *              located at: pretext/book/chapter/section/exercise/matches
INFO    : *              located within: "cellular-automatons_matching" (xml:id), "Matching" (title)
INFO    : *              located at: pretext/book/chapter/section/exercise/matches
INFO    : *              located within: "game-of-life_life-patterns" (xml:id), "Life Pattern" (title)
INFO    : *              located at: pretext/book/chapter/section/exercise/matches
INFO    : *              located within: "game-of-life_matching" (xml:id), "Matching" (title)
INFO    : *              located at: pretext/book/chapter/section/exercise/matches
INFO    : *              located within: "physical-modeling_diffusion" (xml:id), "Diffusion" (title)
INFO    : *              located at: pretext/book/chapter/section/exercise/matches
INFO    : *              located within: "physical-modeling_matching" (xml:id), "Matching" (title)
INFO    : *              located at: pretext/book/chapter/section/exercise/matches
INFO    : *              located within: "physical-modeling_self-check" (xml:id), "Self Check" (title)
INFO    : *              located at: pretext/book/chapter/section/exercise/matches
INFO    : *              located within: "self-organized-criticality_heavy-tailed-distributions" (xml:id), "Heavy-Tailed Distributions" (title)
INFO    : *              located at: pretext/book/chapter/section/exercise/matches
INFO    : *              located within: "self-organized-criticality_pink-noise" (xml:id), "Pink Noise" (title)
INFO    : *              located at: pretext/book/chapter/section/exercise/matches
INFO    : *              located within: "self-organized-criticality_matching" (xml:id), "Matching" (title)
INFO    : *              located at: pretext/book/chapter/section/exercise/matches
INFO    : *              located within: "agent-based-models_implementing-sugarscape" (xml:id), "Implementing Sugarscape" (title)
INFO    : *              located at: pretext/book/chapter/section/exercise/matches
INFO    : *              located within: "agent-based-models_matching" (xml:id), "Matching" (title)
INFO    : *              located at: pretext/book/chapter/section/exercise/matches
INFO    : *              located within: "agent-based-models_self-check" (xml:id), "Self Check" (title)
INFO    : *              located at: pretext/book/chapter/section/exercise/matches
INFO    : *              located within: "herds-flocks-and-traffic-jams_traffic-jams" (xml:id), "Traffic Jams" (title)
INFO    : *              located at: pretext/book/chapter/section/exercise/matches
INFO    : *              located within: "herds-flocks-and-traffic-jams_the-boid-algorithm" (xml:id), "The Boid Algorithm" (title)
INFO    : *              located at: pretext/book/chapter/section/exercise/matches
INFO    : *              located within: "herds-flocks-and-traffic-jams_matching" (xml:id), "Matching" (title)
INFO    : *              located at: pretext/book/chapter/section/exercise/matches
INFO    : *              located within: "herds-flocks-and-traffic-jams_self-check" (xml:id), "Self Check" (title)
INFO    : *              located at: pretext/book/chapter/section/exercise/matches
INFO    : *              located within: "herds-flocks-and-traffic-jams_self-check" (xml:id), "Self Check" (title)
INFO    : *              located at: pretext/book/chapter/section/exercise/matches
INFO    : *              located within: "evolution_simulation" (xml:id), "Simulation" (title)
INFO    : *              located at: pretext/book/chapter/section/exercise/matches
INFO    : *              located within: "evolution_matching" (xml:id), "Matching" (title)
INFO    : *              located at: pretext/book/chapter/section/exercise/matches
INFO    : *              located within: "evolution-of-cooperation_prisoners-dilemma-tournaments" (xml:id), "Prisoner's Dilemma Tournaments" (title)
INFO    : *              located at: pretext/book/chapter/section/exercise/matches
INFO    : *              located within: "evolution-of-cooperation_the-tournament" (xml:id), "The Tournament" (title)
INFO    : *              located at: pretext/book/chapter/section/exercise/matches
INFO    : *              located within: "evolution-of-cooperation_matching" (xml:id), "Matching" (title)
INFO    : * --------------
WARNING : * PTX:DEPRECATE: (2025-04-23) an "@order" attribute on a "match" is deprecated and should instead be placed on the contained "premise" element(s).  If your cardsort problem is simply a 1-1 correspondence, then we will honor your intent.  If your problem is more complicated (multiple "premise" inside a "match") results may be variable and unpredictable. (227 times)
INFO    : *              located at: pretext/book/chapter/section/exercise/matches/match/@order
INFO    : *              located within: "complexity-science_matching" (xml:id), "Matching" (title)
INFO    : *              located at: pretext/book/chapter/section/exercise/matches/match/@order
INFO    : *              located within: "complexity-science_matching" (xml:id), "Matching" (title)
INFO    : *              located at: pretext/book/chapter/section/exercise/matches/match/@order
INFO    : *              located within: "complexity-science_matching" (xml:id), "Matching" (title)
INFO    : *              located at: pretext/book/chapter/section/exercise/matches/match/@order
INFO    : *              located within: "complexity-science_matching" (xml:id), "Matching" (title)
INFO    : *              located at: pretext/book/chapter/section/exercise/matches/match/@order
INFO    : *              located within: "complexity-science_matching" (xml:id), "Matching" (title)
INFO    : *              located at: pretext/book/chapter/section/exercise/matches/match/@order
INFO    : *              located within: "complexity-science_matching" (xml:id), "Matching" (title)
INFO    : *              located at: pretext/book/chapter/section/exercise/matches/match/@order
INFO    : *              located within: "complexity-science_matching" (xml:id), "Matching" (title)
INFO    : *              located at: pretext/book/chapter/section/exercise/matches/match/@order
INFO    : *              located within: "algorithm-analysis_matching" (xml:id), "Matching" (title)
INFO    : *              located at: pretext/book/chapter/section/exercise/matches/match/@order
INFO    : *              located within: "algorithm-analysis_matching" (xml:id), "Matching" (title)
INFO    : *              located at: pretext/book/chapter/section/exercise/matches/match/@order
INFO    : *              located within: "algorithm-analysis_matching" (xml:id), "Matching" (title)
INFO    : *              located at: pretext/book/chapter/section/exercise/matches/match/@order
INFO    : *              located within: "algorithm-analysis_matching" (xml:id), "Matching" (title)
INFO    : *              located at: pretext/book/chapter/section/exercise/matches/match/@order
INFO    : *              located within: "algorithm-analysis_matching" (xml:id), "Matching" (title)
INFO    : *              located at: pretext/book/chapter/section/exercise/matches/match/@order
INFO    : *              located within: "algorithm-analysis_matching" (xml:id), "Matching" (title)
INFO    : *              located at: pretext/book/chapter/section/exercise/matches/match/@order
INFO    : *              located within: "algorithm-analysis_matching" (xml:id), "Matching" (title)
INFO    : *              located at: pretext/book/chapter/section/exercise/matches/match/@order
INFO    : *              located within: "algorithm-analysis_matching" (xml:id), "Matching" (title)
INFO    : *              located at: pretext/book/chapter/section/exercise/matches/match/@order
INFO    : *              located within: "algorithm-analysis_matching" (xml:id), "Matching" (title)
INFO    : *              located at: pretext/book/chapter/section/exercise/matches/match/@order
INFO    : *              located within: "algorithm-analysis_matching" (xml:id), "Matching" (title)
INFO    : *              located at: pretext/book/chapter/section/exercise/matches/match/@order
INFO    : *              located within: "algorithm-analysis_matching" (xml:id), "Matching" (title)
INFO    : *              located at: pretext/book/chapter/section/exercise/matches/match/@order
INFO    : *              located within: "algorithm-analysis_matching" (xml:id), "Matching" (title)
INFO    : *              located at: pretext/book/chapter/section/exercise/matches/match/@order
INFO    : *              located within: "algorithm-analysis_matching" (xml:id), "Matching" (title)
INFO    : *              located at: pretext/book/chapter/section/exercise/matches/match/@order
INFO    : *              located within: "graphs-networkx" (xml:id), "NetworkX" (title)
INFO    : *              located at: pretext/book/chapter/section/exercise/matches/match/@order
INFO    : *              located within: "graphs-networkx" (xml:id), "NetworkX" (title)
INFO    : *              located at: pretext/book/chapter/section/exercise/matches/match/@order
INFO    : *              located within: "graphs-networkx" (xml:id), "NetworkX" (title)
INFO    : *              located at: pretext/book/chapter/section/exercise/matches/match/@order
INFO    : *              located within: "graphs-networkx" (xml:id), "NetworkX" (title)
INFO    : *              located at: pretext/book/chapter/section/exercise/matches/match/@order
INFO    : *              located within: "graphs-networkx" (xml:id), "NetworkX" (title)
INFO    : *              located at: pretext/book/chapter/section/exercise/matches/match/@order
INFO    : *              located within: "graphs-networkx" (xml:id), "NetworkX" (title)
INFO    : *              located at: pretext/book/chapter/section/exercise/matches/match/@order
INFO    : *              located within: "graphs-networkx" (xml:id), "NetworkX" (title)
INFO    : *              located at: pretext/book/chapter/section/exercise/matches/match/@order
INFO    : *              located within: "graphs_connected" (xml:id), "Connected Graphs" (title)
INFO    : *              located at: pretext/book/chapter/section/exercise/matches/match/@order
INFO    : *              located within: "graphs_connected" (xml:id), "Connected Graphs" (title)
INFO    : *              located at: pretext/book/chapter/section/exercise/matches/match/@order
INFO    : *              located within: "graphs_connected" (xml:id), "Connected Graphs" (title)
INFO    : *              located at: pretext/book/chapter/section/exercise/matches/match/@order
INFO    : *              located within: "graphs_matching" (xml:id), "Matching" (title)
INFO    : *              located at: pretext/book/chapter/section/exercise/matches/match/@order
INFO    : *              located within: "graphs_matching" (xml:id), "Matching" (title)
INFO    : *              located at: pretext/book/chapter/section/exercise/matches/match/@order
INFO    : *              located within: "graphs_matching" (xml:id), "Matching" (title)
INFO    : *              located at: pretext/book/chapter/section/exercise/matches/match/@order
INFO    : *              located within: "graphs_matching" (xml:id), "Matching" (title)
INFO    : *              located at: pretext/book/chapter/section/exercise/matches/match/@order
INFO    : *              located within: "graphs_matching" (xml:id), "Matching" (title)
INFO    : *              located at: pretext/book/chapter/section/exercise/matches/match/@order
INFO    : *              located within: "graphs_matching" (xml:id), "Matching" (title)
INFO    : *              located at: pretext/book/chapter/section/exercise/matches/match/@order
INFO    : *              located within: "graphs_matching" (xml:id), "Matching" (title)
INFO    : *              located at: pretext/book/chapter/section/exercise/matches/match/@order
INFO    : *              located within: "graphs_matching" (xml:id), "Matching" (title)
INFO    : *              located at: pretext/book/chapter/section/exercise/matches/match/@order
INFO    : *              located within: "graphs_matching" (xml:id), "Matching" (title)
INFO    : *              located at: pretext/book/chapter/section/exercise/matches/match/@order
INFO    : *              located within: "graphs_matching" (xml:id), "Matching" (title)
INFO    : *              located at: pretext/book/chapter/section/exercise/matches/match/@order
INFO    : *              located within: "graphs_matching" (xml:id), "Matching" (title)
INFO    : *              located at: pretext/book/chapter/section/exercise/matches/match/@order
INFO    : *              located within: "graphs_matching" (xml:id), "Matching" (title)
INFO    : *              located at: pretext/book/chapter/section/exercise/matches/match/@order
INFO    : *              located within: "graphs_matching" (xml:id), "Matching" (title)
INFO    : *              located at: pretext/book/chapter/section/exercise/matches/match/@order
INFO    : *              located within: "graphs_matching" (xml:id), "Matching" (title)
INFO    : *              located at: pretext/book/chapter/section/exercise/matches/match/@order
INFO    : *              located within: "graphs_matching" (xml:id), "Matching" (title)
INFO    : *              located at: pretext/book/chapter/section/exercise/matches/match/@order
INFO    : *              located within: "graphs_matching" (xml:id), "Matching" (title)
INFO    : *              located at: pretext/book/chapter/section/exercise/matches/match/@order
INFO    : *              located within: "graphs_self-check" (xml:id), "Self Check" (title)
INFO    : *              located at: pretext/book/chapter/section/exercise/matches/match/@order
INFO    : *              located within: "graphs_self-check" (xml:id), "Self Check" (title)
INFO    : *              located at: pretext/book/chapter/section/exercise/matches/match/@order
INFO    : *              located within: "graphs_self-check" (xml:id), "Self Check" (title)
INFO    : *              located at: pretext/book/chapter/section/exercise/matches/match/@order
INFO    : *              located within: "graphs_self-check" (xml:id), "Self Check" (title)
INFO    : *              located at: pretext/book/chapter/section/exercise/matches/match/@order
INFO    : *              located within: "graphs_self-check" (xml:id), "Self Check" (title)
INFO    : *              located at: pretext/book/chapter/section/exercise/matches/match/@order
INFO    : *              located within: "graphs_self-check" (xml:id), "Self Check" (title)
INFO    : *              located at: pretext/book/chapter/section/exercise/matches/match/@order
INFO    : *              located within: "small-world-graphs_watts-and-strogatz" (xml:id), "Watts and Strogatz" (title)
INFO    : *              located at: pretext/book/chapter/section/exercise/matches/match/@order
INFO    : *              located within: "small-world-graphs_watts-and-strogatz" (xml:id), "Watts and Strogatz" (title)
INFO    : *              located at: pretext/book/chapter/section/exercise/matches/match/@order
INFO    : *              located within: "small-world-graphs_watts-and-strogatz" (xml:id), "Watts and Strogatz" (title)
INFO    : *              located at: pretext/book/chapter/section/exercise/matches/match/@order
INFO    : *              located within: "small-world-graphs_watts-and-strogatz" (xml:id), "Watts and Strogatz" (title)
INFO    : *              located at: pretext/book/chapter/section/exercise/matches/match/@order
INFO    : *              located within: "small-world-graphs_watts-and-strogatz" (xml:id), "Watts and Strogatz" (title)
INFO    : *              located at: pretext/book/chapter/section/exercise/matches/match/@order
INFO    : *              located within: "small-world-graphs_matching" (xml:id), "Matching" (title)
INFO    : *              located at: pretext/book/chapter/section/exercise/matches/match/@order
INFO    : *              located within: "small-world-graphs_matching" (xml:id), "Matching" (title)
INFO    : *              located at: pretext/book/chapter/section/exercise/matches/match/@order
INFO    : *              located within: "small-world-graphs_matching" (xml:id), "Matching" (title)
INFO    : *              located at: pretext/book/chapter/section/exercise/matches/match/@order
INFO    : *              located within: "small-world-graphs_matching" (xml:id), "Matching" (title)
INFO    : *              located at: pretext/book/chapter/section/exercise/matches/match/@order
INFO    : *              located within: "small-world-graphs_matching" (xml:id), "Matching" (title)
INFO    : *              located at: pretext/book/chapter/section/exercise/matches/match/@order
INFO    : *              located within: "small-world-graphs_matching" (xml:id), "Matching" (title)
INFO    : *              located at: pretext/book/chapter/section/exercise/matches/match/@order
INFO    : *              located within: "small-world-graphs_matching" (xml:id), "Matching" (title)
INFO    : *              located at: pretext/book/chapter/section/exercise/matches/match/@order
INFO    : *              located within: "small-world-graphs_matching" (xml:id), "Matching" (title)
INFO    : *              located at: pretext/book/chapter/section/exercise/matches/match/@order
INFO    : *              located within: "small-world-graphs_matching" (xml:id), "Matching" (title)
INFO    : *              located at: pretext/book/chapter/section/exercise/matches/match/@order
INFO    : *              located within: "small-world-graphs_matching" (xml:id), "Matching" (title)
INFO    : *              located at: pretext/book/chapter/section/exercise/matches/match/@order
INFO    : *              located within: "small-world-graphs_matching" (xml:id), "Matching" (title)
INFO    : *              located at: pretext/book/chapter/section/exercise/matches/match/@order
INFO    : *              located within: "small-world-graphs_matching" (xml:id), "Matching" (title)
INFO    : *              located at: pretext/book/chapter/section/exercise/matches/match/@order
INFO    : *              located within: "small-world-graphs_matching" (xml:id), "Matching" (title)
INFO    : *              located at: pretext/book/chapter/section/exercise/matches/match/@order
INFO    : *              located within: "small-world-graphs_self-check" (xml:id), "Self Check" (title)
INFO    : *              located at: pretext/book/chapter/section/exercise/matches/match/@order
INFO    : *              located within: "small-world-graphs_self-check" (xml:id), "Self Check" (title)
INFO    : *              located at: pretext/book/chapter/section/exercise/matches/match/@order
INFO    : *              located within: "small-world-graphs_self-check" (xml:id), "Self Check" (title)
INFO    : *              located at: pretext/book/chapter/section/exercise/matches/match/@order
INFO    : *              located within: "small-world-graphs_self-check" (xml:id), "Self Check" (title)
INFO    : *              located at: pretext/book/chapter/section/exercise/matches/match/@order
INFO    : *              located within: "scale-free-networks_social-network-data" (xml:id), "Social Network Data" (title)
INFO    : *              located at: pretext/book/chapter/section/exercise/matches/match/@order
INFO    : *              located within: "scale-free-networks_social-network-data" (xml:id), "Social Network Data" (title)
INFO    : *              located at: pretext/book/chapter/section/exercise/matches/match/@order
INFO    : *              located within: "scale-free-networks_social-network-data" (xml:id), "Social Network Data" (title)
INFO    : *              located at: pretext/book/chapter/section/exercise/matches/match/@order
INFO    : *              located within: "scale-free-networks_social-network-data" (xml:id), "Social Network Data" (title)
INFO    : *              located at: pretext/book/chapter/section/exercise/matches/match/@order
INFO    : *              located within: "scale-free-networks_social-network-data" (xml:id), "Social Network Data" (title)
INFO    : *              located at: pretext/book/chapter/section/exercise/matches/match/@order
INFO    : *              located within: "scale-free-networks_social-network-data" (xml:id), "Social Network Data" (title)
INFO    : *              located at: pretext/book/chapter/section/exercise/matches/match/@order
INFO    : *              located within: "scale-free-networks_social-network-data" (xml:id), "Social Network Data" (title)
INFO    : *              located at: pretext/book/chapter/section/exercise/matches/match/@order
INFO    : *              located within: "scale-free-networks_social-network-data" (xml:id), "Social Network Data" (title)
INFO    : *              located at: pretext/book/chapter/section/exercise/matches/match/@order
INFO    : *              located within: "scale-free-networks_social-network-data" (xml:id), "Social Network Data" (title)
INFO    : *              located at: pretext/book/chapter/section/exercise/matches/match/@order
INFO    : *              located within: "scale-free-networks_social-network-data" (xml:id), "Social Network Data" (title)
INFO    : *              located at: pretext/book/chapter/section/exercise/matches/match/@order
INFO    : *              located within: "scale-free-networks_social-network-data" (xml:id), "Social Network Data" (title)
INFO    : *              located at: pretext/book/chapter/section/exercise/matches/match/@order
INFO    : *              located within: "scale-free-networks_matching" (xml:id), "Matching" (title)
INFO    : *              located at: pretext/book/chapter/section/exercise/matches/match/@order
INFO    : *              located within: "scale-free-networks_matching" (xml:id), "Matching" (title)
INFO    : *              located at: pretext/book/chapter/section/exercise/matches/match/@order
INFO    : *              located within: "scale-free-networks_matching" (xml:id), "Matching" (title)
INFO    : *              located at: pretext/book/chapter/section/exercise/matches/match/@order
INFO    : *              located within: "scale-free-networks_matching" (xml:id), "Matching" (title)
INFO    : *              located at: pretext/book/chapter/section/exercise/matches/match/@order
INFO    : *              located within: "scale-free-networks_matching" (xml:id), "Matching" (title)
INFO    : *              located at: pretext/book/chapter/section/exercise/matches/match/@order
INFO    : *              located within: "scale-free-networks_matching" (xml:id), "Matching" (title)
INFO    : *              located at: pretext/book/chapter/section/exercise/matches/match/@order
INFO    : *              located within: "scale-free-networks_matching" (xml:id), "Matching" (title)
INFO    : *              located at: pretext/book/chapter/section/exercise/matches/match/@order
INFO    : *              located within: "scale-free-networks_matching" (xml:id), "Matching" (title)
INFO    : *              located at: pretext/book/chapter/section/exercise/matches/match/@order
INFO    : *              located within: "scale-free-networks_matching" (xml:id), "Matching" (title)
INFO    : *              located at: pretext/book/chapter/section/exercise/matches/match/@order
INFO    : *              located within: "scale-free-networks_matching" (xml:id), "Matching" (title)
INFO    : *              located at: pretext/book/chapter/section/exercise/matches/match/@order
INFO    : *              located within: "scale-free-networks_matching" (xml:id), "Matching" (title)
INFO    : *              located at: pretext/book/chapter/section/exercise/matches/match/@order
INFO    : *              located within: "scale-free-networks_matching" (xml:id), "Matching" (title)
INFO    : *              located at: pretext/book/chapter/section/exercise/matches/match/@order
INFO    : *              located within: "cellular-automatons_matching" (xml:id), "Matching" (title)
INFO    : *              located at: pretext/book/chapter/section/exercise/matches/match/@order
INFO    : *              located within: "cellular-automatons_matching" (xml:id), "Matching" (title)
INFO    : *              located at: pretext/book/chapter/section/exercise/matches/match/@order
INFO    : *              located within: "cellular-automatons_matching" (xml:id), "Matching" (title)
INFO    : *              located at: pretext/book/chapter/section/exercise/matches/match/@order
INFO    : *              located within: "cellular-automatons_matching" (xml:id), "Matching" (title)
INFO    : *              located at: pretext/book/chapter/section/exercise/matches/match/@order
INFO    : *              located within: "cellular-automatons_matching" (xml:id), "Matching" (title)
INFO    : *              located at: pretext/book/chapter/section/exercise/matches/match/@order
INFO    : *              located within: "cellular-automatons_matching" (xml:id), "Matching" (title)
INFO    : *              located at: pretext/book/chapter/section/exercise/matches/match/@order
INFO    : *              located within: "cellular-automatons_matching" (xml:id), "Matching" (title)
INFO    : *              located at: pretext/book/chapter/section/exercise/matches/match/@order
INFO    : *              located within: "game-of-life_life-patterns" (xml:id), "Life Pattern" (title)
INFO    : *              located at: pretext/book/chapter/section/exercise/matches/match/@order
INFO    : *              located within: "game-of-life_life-patterns" (xml:id), "Life Pattern" (title)
INFO    : *              located at: pretext/book/chapter/section/exercise/matches/match/@order
INFO    : *              located within: "game-of-life_life-patterns" (xml:id), "Life Pattern" (title)
INFO    : *              located at: pretext/book/chapter/section/exercise/matches/match/@order
INFO    : *              located within: "game-of-life_matching" (xml:id), "Matching" (title)
INFO    : *              located at: pretext/book/chapter/section/exercise/matches/match/@order
INFO    : *              located within: "game-of-life_matching" (xml:id), "Matching" (title)
INFO    : *              located at: pretext/book/chapter/section/exercise/matches/match/@order
INFO    : *              located within: "game-of-life_matching" (xml:id), "Matching" (title)
INFO    : *              located at: pretext/book/chapter/section/exercise/matches/match/@order
INFO    : *              located within: "game-of-life_matching" (xml:id), "Matching" (title)
INFO    : *              located at: pretext/book/chapter/section/exercise/matches/match/@order
INFO    : *              located within: "game-of-life_matching" (xml:id), "Matching" (title)
INFO    : *              located at: pretext/book/chapter/section/exercise/matches/match/@order
INFO    : *              located within: "game-of-life_matching" (xml:id), "Matching" (title)
INFO    : *              located at: pretext/book/chapter/section/exercise/matches/match/@order
INFO    : *              located within: "game-of-life_matching" (xml:id), "Matching" (title)
INFO    : *              located at: pretext/book/chapter/section/exercise/matches/match/@order
INFO    : *              located within: "game-of-life_matching" (xml:id), "Matching" (title)
INFO    : *              located at: pretext/book/chapter/section/exercise/matches/match/@order
INFO    : *              located within: "game-of-life_matching" (xml:id), "Matching" (title)
INFO    : *              located at: pretext/book/chapter/section/exercise/matches/match/@order
INFO    : *              located within: "game-of-life_matching" (xml:id), "Matching" (title)
INFO    : *              located at: pretext/book/chapter/section/exercise/matches/match/@order
INFO    : *              located within: "game-of-life_matching" (xml:id), "Matching" (title)
INFO    : *              located at: pretext/book/chapter/section/exercise/matches/match/@order
INFO    : *              located within: "physical-modeling_diffusion" (xml:id), "Diffusion" (title)
INFO    : *              located at: pretext/book/chapter/section/exercise/matches/match/@order
INFO    : *              located within: "physical-modeling_diffusion" (xml:id), "Diffusion" (title)
INFO    : *              located at: pretext/book/chapter/section/exercise/matches/match/@order
INFO    : *              located within: "physical-modeling_matching" (xml:id), "Matching" (title)
INFO    : *              located at: pretext/book/chapter/section/exercise/matches/match/@order
INFO    : *              located within: "physical-modeling_matching" (xml:id), "Matching" (title)
INFO    : *              located at: pretext/book/chapter/section/exercise/matches/match/@order
INFO    : *              located within: "physical-modeling_matching" (xml:id), "Matching" (title)
INFO    : *              located at: pretext/book/chapter/section/exercise/matches/match/@order
INFO    : *              located within: "physical-modeling_matching" (xml:id), "Matching" (title)
INFO    : *              located at: pretext/book/chapter/section/exercise/matches/match/@order
INFO    : *              located within: "physical-modeling_matching" (xml:id), "Matching" (title)
INFO    : *              located at: pretext/book/chapter/section/exercise/matches/match/@order
INFO    : *              located within: "physical-modeling_matching" (xml:id), "Matching" (title)
INFO    : *              located at: pretext/book/chapter/section/exercise/matches/match/@order
INFO    : *              located within: "physical-modeling_matching" (xml:id), "Matching" (title)
INFO    : *              located at: pretext/book/chapter/section/exercise/matches/match/@order
INFO    : *              located within: "physical-modeling_matching" (xml:id), "Matching" (title)
INFO    : *              located at: pretext/book/chapter/section/exercise/matches/match/@order
INFO    : *              located within: "physical-modeling_self-check" (xml:id), "Self Check" (title)
INFO    : *              located at: pretext/book/chapter/section/exercise/matches/match/@order
INFO    : *              located within: "physical-modeling_self-check" (xml:id), "Self Check" (title)
INFO    : *              located at: pretext/book/chapter/section/exercise/matches/match/@order
INFO    : *              located within: "physical-modeling_self-check" (xml:id), "Self Check" (title)
INFO    : *              located at: pretext/book/chapter/section/exercise/matches/match/@order
INFO    : *              located within: "physical-modeling_self-check" (xml:id), "Self Check" (title)
INFO    : *              located at: pretext/book/chapter/section/exercise/matches/match/@order
INFO    : *              located within: "physical-modeling_self-check" (xml:id), "Self Check" (title)
INFO    : *              located at: pretext/book/chapter/section/exercise/matches/match/@order
INFO    : *              located within: "physical-modeling_self-check" (xml:id), "Self Check" (title)
INFO    : *              located at: pretext/book/chapter/section/exercise/matches/match/@order
INFO    : *              located within: "self-organized-criticality_heavy-tailed-distributions" (xml:id), "Heavy-Tailed Distributions" (title)
INFO    : *              located at: pretext/book/chapter/section/exercise/matches/match/@order
INFO    : *              located within: "self-organized-criticality_heavy-tailed-distributions" (xml:id), "Heavy-Tailed Distributions" (title)
INFO    : *              located at: pretext/book/chapter/section/exercise/matches/match/@order
INFO    : *              located within: "self-organized-criticality_pink-noise" (xml:id), "Pink Noise" (title)
INFO    : *              located at: pretext/book/chapter/section/exercise/matches/match/@order
INFO    : *              located within: "self-organized-criticality_pink-noise" (xml:id), "Pink Noise" (title)
INFO    : *              located at: pretext/book/chapter/section/exercise/matches/match/@order
INFO    : *              located within: "self-organized-criticality_pink-noise" (xml:id), "Pink Noise" (title)
INFO    : *              located at: pretext/book/chapter/section/exercise/matches/match/@order
INFO    : *              located within: "self-organized-criticality_matching" (xml:id), "Matching" (title)
INFO    : *              located at: pretext/book/chapter/section/exercise/matches/match/@order
INFO    : *              located within: "self-organized-criticality_matching" (xml:id), "Matching" (title)
INFO    : *              located at: pretext/book/chapter/section/exercise/matches/match/@order
INFO    : *              located within: "self-organized-criticality_matching" (xml:id), "Matching" (title)
INFO    : *              located at: pretext/book/chapter/section/exercise/matches/match/@order
INFO    : *              located within: "self-organized-criticality_matching" (xml:id), "Matching" (title)
INFO    : *              located at: pretext/book/chapter/section/exercise/matches/match/@order
INFO    : *              located within: "self-organized-criticality_matching" (xml:id), "Matching" (title)
INFO    : *              located at: pretext/book/chapter/section/exercise/matches/match/@order
INFO    : *              located within: "self-organized-criticality_matching" (xml:id), "Matching" (title)
INFO    : *              located at: pretext/book/chapter/section/exercise/matches/match/@order
INFO    : *              located within: "self-organized-criticality_matching" (xml:id), "Matching" (title)
INFO    : *              located at: pretext/book/chapter/section/exercise/matches/match/@order
INFO    : *              located within: "self-organized-criticality_matching" (xml:id), "Matching" (title)
INFO    : *              located at: pretext/book/chapter/section/exercise/matches/match/@order
INFO    : *              located within: "self-organized-criticality_matching" (xml:id), "Matching" (title)
INFO    : *              located at: pretext/book/chapter/section/exercise/matches/match/@order
INFO    : *              located within: "self-organized-criticality_matching" (xml:id), "Matching" (title)
INFO    : *              located at: pretext/book/chapter/section/exercise/matches/match/@order
INFO    : *              located within: "self-organized-criticality_matching" (xml:id), "Matching" (title)
INFO    : *              located at: pretext/book/chapter/section/exercise/matches/match/@order
INFO    : *              located within: "self-organized-criticality_matching" (xml:id), "Matching" (title)
INFO    : *              located at: pretext/book/chapter/section/exercise/matches/match/@order
INFO    : *              located within: "self-organized-criticality_matching" (xml:id), "Matching" (title)
INFO    : *              located at: pretext/book/chapter/section/exercise/matches/match/@order
INFO    : *              located within: "agent-based-models_implementing-sugarscape" (xml:id), "Implementing Sugarscape" (title)
INFO    : *              located at: pretext/book/chapter/section/exercise/matches/match/@order
INFO    : *              located within: "agent-based-models_implementing-sugarscape" (xml:id), "Implementing Sugarscape" (title)
INFO    : *              located at: pretext/book/chapter/section/exercise/matches/match/@order
INFO    : *              located within: "agent-based-models_implementing-sugarscape" (xml:id), "Implementing Sugarscape" (title)
INFO    : *              located at: pretext/book/chapter/section/exercise/matches/match/@order
INFO    : *              located within: "agent-based-models_implementing-sugarscape" (xml:id), "Implementing Sugarscape" (title)
INFO    : *              located at: pretext/book/chapter/section/exercise/matches/match/@order
INFO    : *              located within: "agent-based-models_matching" (xml:id), "Matching" (title)
INFO    : *              located at: pretext/book/chapter/section/exercise/matches/match/@order
INFO    : *              located within: "agent-based-models_matching" (xml:id), "Matching" (title)
INFO    : *              located at: pretext/book/chapter/section/exercise/matches/match/@order
INFO    : *              located within: "agent-based-models_matching" (xml:id), "Matching" (title)
INFO    : *              located at: pretext/book/chapter/section/exercise/matches/match/@order
INFO    : *              located within: "agent-based-models_matching" (xml:id), "Matching" (title)
INFO    : *              located at: pretext/book/chapter/section/exercise/matches/match/@order
INFO    : *              located within: "agent-based-models_matching" (xml:id), "Matching" (title)
INFO    : *              located at: pretext/book/chapter/section/exercise/matches/match/@order
INFO    : *              located within: "agent-based-models_matching" (xml:id), "Matching" (title)
INFO    : *              located at: pretext/book/chapter/section/exercise/matches/match/@order
INFO    : *              located within: "agent-based-models_matching" (xml:id), "Matching" (title)
INFO    : *              located at: pretext/book/chapter/section/exercise/matches/match/@order
INFO    : *              located within: "agent-based-models_matching" (xml:id), "Matching" (title)
INFO    : *              located at: pretext/book/chapter/section/exercise/matches/match/@order
INFO    : *              located within: "agent-based-models_matching" (xml:id), "Matching" (title)
INFO    : *              located at: pretext/book/chapter/section/exercise/matches/match/@order
INFO    : *              located within: "agent-based-models_self-check" (xml:id), "Self Check" (title)
INFO    : *              located at: pretext/book/chapter/section/exercise/matches/match/@order
INFO    : *              located within: "agent-based-models_self-check" (xml:id), "Self Check" (title)
INFO    : *              located at: pretext/book/chapter/section/exercise/matches/match/@order
INFO    : *              located within: "agent-based-models_self-check" (xml:id), "Self Check" (title)
INFO    : *              located at: pretext/book/chapter/section/exercise/matches/match/@order
INFO    : *              located within: "herds-flocks-and-traffic-jams_traffic-jams" (xml:id), "Traffic Jams" (title)
INFO    : *              located at: pretext/book/chapter/section/exercise/matches/match/@order
INFO    : *              located within: "herds-flocks-and-traffic-jams_traffic-jams" (xml:id), "Traffic Jams" (title)
INFO    : *              located at: pretext/book/chapter/section/exercise/matches/match/@order
INFO    : *              located within: "herds-flocks-and-traffic-jams_traffic-jams" (xml:id), "Traffic Jams" (title)
INFO    : *              located at: pretext/book/chapter/section/exercise/matches/match/@order
INFO    : *              located within: "herds-flocks-and-traffic-jams_traffic-jams" (xml:id), "Traffic Jams" (title)
INFO    : *              located at: pretext/book/chapter/section/exercise/matches/match/@order
INFO    : *              located within: "herds-flocks-and-traffic-jams_traffic-jams" (xml:id), "Traffic Jams" (title)
INFO    : *              located at: pretext/book/chapter/section/exercise/matches/match/@order
INFO    : *              located within: "herds-flocks-and-traffic-jams_traffic-jams" (xml:id), "Traffic Jams" (title)
INFO    : *              located at: pretext/book/chapter/section/exercise/matches/match/@order
INFO    : *              located within: "herds-flocks-and-traffic-jams_traffic-jams" (xml:id), "Traffic Jams" (title)
INFO    : *              located at: pretext/book/chapter/section/exercise/matches/match/@order
INFO    : *              located within: "herds-flocks-and-traffic-jams_traffic-jams" (xml:id), "Traffic Jams" (title)
INFO    : *              located at: pretext/book/chapter/section/exercise/matches/match/@order
INFO    : *              located within: "herds-flocks-and-traffic-jams_traffic-jams" (xml:id), "Traffic Jams" (title)
INFO    : *              located at: pretext/book/chapter/section/exercise/matches/match/@order
INFO    : *              located within: "herds-flocks-and-traffic-jams_the-boid-algorithm" (xml:id), "The Boid Algorithm" (title)
INFO    : *              located at: pretext/book/chapter/section/exercise/matches/match/@order
INFO    : *              located within: "herds-flocks-and-traffic-jams_the-boid-algorithm" (xml:id), "The Boid Algorithm" (title)
INFO    : *              located at: pretext/book/chapter/section/exercise/matches/match/@order
INFO    : *              located within: "herds-flocks-and-traffic-jams_the-boid-algorithm" (xml:id), "The Boid Algorithm" (title)
INFO    : *              located at: pretext/book/chapter/section/exercise/matches/match/@order
INFO    : *              located within: "herds-flocks-and-traffic-jams_the-boid-algorithm" (xml:id), "The Boid Algorithm" (title)
INFO    : *              located at: pretext/book/chapter/section/exercise/matches/match/@order
INFO    : *              located within: "herds-flocks-and-traffic-jams_matching" (xml:id), "Matching" (title)
INFO    : *              located at: pretext/book/chapter/section/exercise/matches/match/@order
INFO    : *              located within: "herds-flocks-and-traffic-jams_matching" (xml:id), "Matching" (title)
INFO    : *              located at: pretext/book/chapter/section/exercise/matches/match/@order
INFO    : *              located within: "herds-flocks-and-traffic-jams_matching" (xml:id), "Matching" (title)
INFO    : *              located at: pretext/book/chapter/section/exercise/matches/match/@order
INFO    : *              located within: "herds-flocks-and-traffic-jams_matching" (xml:id), "Matching" (title)
INFO    : *              located at: pretext/book/chapter/section/exercise/matches/match/@order
INFO    : *              located within: "herds-flocks-and-traffic-jams_self-check" (xml:id), "Self Check" (title)
INFO    : *              located at: pretext/book/chapter/section/exercise/matches/match/@order
INFO    : *              located within: "herds-flocks-and-traffic-jams_self-check" (xml:id), "Self Check" (title)
INFO    : *              located at: pretext/book/chapter/section/exercise/matches/match/@order
INFO    : *              located within: "herds-flocks-and-traffic-jams_self-check" (xml:id), "Self Check" (title)
INFO    : *              located at: pretext/book/chapter/section/exercise/matches/match/@order
INFO    : *              located within: "herds-flocks-and-traffic-jams_self-check" (xml:id), "Self Check" (title)
INFO    : *              located at: pretext/book/chapter/section/exercise/matches/match/@order
INFO    : *              located within: "herds-flocks-and-traffic-jams_self-check" (xml:id), "Self Check" (title)
INFO    : *              located at: pretext/book/chapter/section/exercise/matches/match/@order
INFO    : *              located within: "herds-flocks-and-traffic-jams_self-check" (xml:id), "Self Check" (title)
INFO    : *              located at: pretext/book/chapter/section/exercise/matches/match/@order
INFO    : *              located within: "herds-flocks-and-traffic-jams_self-check" (xml:id), "Self Check" (title)
INFO    : *              located at: pretext/book/chapter/section/exercise/matches/match/@order
INFO    : *              located within: "herds-flocks-and-traffic-jams_self-check" (xml:id), "Self Check" (title)
INFO    : *              located at: pretext/book/chapter/section/exercise/matches/match/@order
INFO    : *              located within: "evolution_simulation" (xml:id), "Simulation" (title)
INFO    : *              located at: pretext/book/chapter/section/exercise/matches/match/@order
INFO    : *              located within: "evolution_simulation" (xml:id), "Simulation" (title)
INFO    : *              located at: pretext/book/chapter/section/exercise/matches/match/@order
INFO    : *              located within: "evolution_simulation" (xml:id), "Simulation" (title)
INFO    : *              located at: pretext/book/chapter/section/exercise/matches/match/@order
INFO    : *              located within: "evolution_simulation" (xml:id), "Simulation" (title)
INFO    : *              located at: pretext/book/chapter/section/exercise/matches/match/@order
INFO    : *              located within: "evolution_simulation" (xml:id), "Simulation" (title)
INFO    : *              located at: pretext/book/chapter/section/exercise/matches/match/@order
INFO    : *              located within: "evolution_matching" (xml:id), "Matching" (title)
INFO    : *              located at: pretext/book/chapter/section/exercise/matches/match/@order
INFO    : *              located within: "evolution_matching" (xml:id), "Matching" (title)
INFO    : *              located at: pretext/book/chapter/section/exercise/matches/match/@order
INFO    : *              located within: "evolution_matching" (xml:id), "Matching" (title)
INFO    : *              located at: pretext/book/chapter/section/exercise/matches/match/@order
INFO    : *              located within: "evolution_matching" (xml:id), "Matching" (title)
INFO    : *              located at: pretext/book/chapter/section/exercise/matches/match/@order
INFO    : *              located within: "evolution_matching" (xml:id), "Matching" (title)
INFO    : *              located at: pretext/book/chapter/section/exercise/matches/match/@order
INFO    : *              located within: "evolution_matching" (xml:id), "Matching" (title)
INFO    : *              located at: pretext/book/chapter/section/exercise/matches/match/@order
INFO    : *              located within: "evolution_matching" (xml:id), "Matching" (title)
INFO    : *              located at: pretext/book/chapter/section/exercise/matches/match/@order
INFO    : *              located within: "evolution_matching" (xml:id), "Matching" (title)
INFO    : *              located at: pretext/book/chapter/section/exercise/matches/match/@order
INFO    : *              located within: "evolution_matching" (xml:id), "Matching" (title)
INFO    : *              located at: pretext/book/chapter/section/exercise/matches/match/@order
INFO    : *              located within: "evolution_matching" (xml:id), "Matching" (title)
INFO    : *              located at: pretext/book/chapter/section/exercise/matches/match/@order
INFO    : *              located within: "evolution_matching" (xml:id), "Matching" (title)
INFO    : *              located at: pretext/book/chapter/section/exercise/matches/match/@order
INFO    : *              located within: "evolution_matching" (xml:id), "Matching" (title)
INFO    : *              located at: pretext/book/chapter/section/exercise/matches/match/@order
INFO    : *              located within: "evolution_matching" (xml:id), "Matching" (title)
INFO    : *              located at: pretext/book/chapter/section/exercise/matches/match/@order
INFO    : *              located within: "evolution_matching" (xml:id), "Matching" (title)
INFO    : *              located at: pretext/book/chapter/section/exercise/matches/match/@order
INFO    : *              located within: "evolution-of-cooperation_prisoners-dilemma-tournaments" (xml:id), "Prisoner's Dilemma Tournaments" (title)
INFO    : *              located at: pretext/book/chapter/section/exercise/matches/match/@order
INFO    : *              located within: "evolution-of-cooperation_prisoners-dilemma-tournaments" (xml:id), "Prisoner's Dilemma Tournaments" (title)
INFO    : *              located at: pretext/book/chapter/section/exercise/matches/match/@order
INFO    : *              located within: "evolution-of-cooperation_prisoners-dilemma-tournaments" (xml:id), "Prisoner's Dilemma Tournaments" (title)
INFO    : *              located at: pretext/book/chapter/section/exercise/matches/match/@order
INFO    : *              located within: "evolution-of-cooperation_prisoners-dilemma-tournaments" (xml:id), "Prisoner's Dilemma Tournaments" (title)
INFO    : *              located at: pretext/book/chapter/section/exercise/matches/match/@order
INFO    : *              located within: "evolution-of-cooperation_the-tournament" (xml:id), "The Tournament" (title)
INFO    : *              located at: pretext/book/chapter/section/exercise/matches/match/@order
INFO    : *              located within: "evolution-of-cooperation_the-tournament" (xml:id), "The Tournament" (title)
INFO    : *              located at: pretext/book/chapter/section/exercise/matches/match/@order
INFO    : *              located within: "evolution-of-cooperation_the-tournament" (xml:id), "The Tournament" (title)
INFO    : *              located at: pretext/book/chapter/section/exercise/matches/match/@order
INFO    : *              located within: "evolution-of-cooperation_matching" (xml:id), "Matching" (title)
INFO    : *              located at: pretext/book/chapter/section/exercise/matches/match/@order
INFO    : *              located within: "evolution-of-cooperation_matching" (xml:id), "Matching" (title)
INFO    : *              located at: pretext/book/chapter/section/exercise/matches/match/@order
INFO    : *              located within: "evolution-of-cooperation_matching" (xml:id), "Matching" (title)
INFO    : *              located at: pretext/book/chapter/section/exercise/matches/match/@order
INFO    : *              located within: "evolution-of-cooperation_matching" (xml:id), "Matching" (title)
INFO    : *              located at: pretext/book/chapter/section/exercise/matches/match/@order
INFO    : *              located within: "evolution-of-cooperation_matching" (xml:id), "Matching" (title)
INFO    : *              located at: pretext/book/chapter/section/exercise/matches/match/@order
INFO    : *              located within: "evolution-of-cooperation_matching" (xml:id), "Matching" (title)
INFO    : *              located at: pretext/book/chapter/section/exercise/matches/match/@order
INFO    : *              located within: "evolution-of-cooperation_matching" (xml:id), "Matching" (title)
INFO    : *              located at: pretext/book/chapter/section/exercise/matches/match/@order
INFO    : *              located within: "evolution-of-cooperation_matching" (xml:id), "Matching" (title)
INFO    : * --------------
WARNING : * PTX:WARNING:    An <xref> wants to build text using a number to identify the target, but the target (which has @xml:id "lst-sum0") does not have a number. You could try 'text="title"' or 'text="custom"' on the "xref".
INFO    : *              located at: pretext/book/chapter/section/p/xref
INFO    : *              located within: "algorithm-analysis_what-is-algorithm-analysis" (xml:id), "What Is Algorithm Analysis?" (title)
WARNING : * PTX:WARNING:    An <xref> wants to build text using a number to identify the target, but the target (which has @xml:id "lst-sum2") does not have a number. You could try 'text="title"' or 'text="custom"' on the "xref".
INFO    : *              located at: pretext/book/chapter/section/p/xref
INFO    : *              located within: "algorithm-analysis_what-is-algorithm-analysis" (xml:id), "What Is Algorithm Analysis?" (title)
WARNING : * PTX:WARNING:    An <xref> wants to build text using a number to identify the target, but the target (which has @xml:id "lst-sum11") does not have a number. You could try 'text="title"' or 'text="custom"' on the "xref".
INFO    : *              located at: pretext/book/chapter/section/p/xref
INFO    : *              located within: "algorithm-analysis_what-is-algorithm-analysis" (xml:id), "What Is Algorithm Analysis?" (title)
WARNING : * PTX:WARNING:    An <xref> wants to build text using a number to identify the target, but the target (which has @xml:id "lst-sum11") does not have a number. You could try 'text="title"' or 'text="custom"' on the "xref".
INFO    : *              located at: pretext/book/chapter/section/exercise/statement/p/xref
INFO    : *              located within: "algorithm-analysis_what-is-algorithm-analysis" (xml:id), "What Is Algorithm Analysis?" (title)
ERROR   : * PTX:ERROR:   An object (program) lacks a serial number, search output for "[NUM]"
INFO    : *              located at: pretext/book/chapter/section/subsection/exercise/program
INFO    : *              located within: "lst-sum3" (xml:id)
ERROR   : * PTX:ERROR:   An object (program) lacks a structure number, search output for "[STRUCT]"
INFO    : *              located at: pretext/book/chapter/section/subsection/exercise/program
INFO    : *              located within: "lst-sum3" (xml:id)
ERROR   : * PTX:ERROR:   An object (program) lacks a serial number, search output for "[NUM]"
INFO    : *              located at: pretext/book/chapter/section/subsection/exercise/program
INFO    : *              located within: "lst-sum3" (xml:id)
ERROR   : * PTX:ERROR:   An object (program) lacks a structure number, search output for "[STRUCT]"
INFO    : *              located at: pretext/book/chapter/section/subsection/exercise/program
INFO    : *              located within: "lst-sum3" (xml:id)
ERROR   : * PTX:ERROR:   An object (program) lacks a serial number, search output for "[NUM]"
INFO    : *              located at: pretext/book/chapter/section/subsection/exercise/program
INFO    : *              located within: "lst-sum3" (xml:id)
ERROR   : * PTX:ERROR:   An object (program) lacks a structure number, search output for "[STRUCT]"
INFO    : *              located at: pretext/book/chapter/section/subsection/exercise/program
INFO    : *              located within: "lst-sum3" (xml:id)
WARNING : * PTX:WARNING:    An <xref> wants to build text using a number to identify the target, but the target (which has @xml:id "lst-dummycode") does not have a number. You could try 'text="title"' or 'text="custom"' on the "xref".
INFO    : *              located at: pretext/book/chapter/section/p/xref
INFO    : *              located within: "algorithm-analysis_big-o-notation" (xml:id), "Big-O Notation" (title)
ERROR   : * PTX:ERROR:   An object (program) lacks a serial number, search output for "[NUM]"
INFO    : *              located at: pretext/book/chapter/section/subsection/subsubsection/exercise/program
INFO    : *              located within: "lst-anagramsolution" (xml:id)
ERROR   : * PTX:ERROR:   An object (program) lacks a structure number, search output for "[STRUCT]"
INFO    : *              located at: pretext/book/chapter/section/subsection/subsubsection/exercise/program
INFO    : *              located within: "lst-anagramsolution" (xml:id)
ERROR   : * PTX:ERROR:   An object (program) lacks a serial number, search output for "[NUM]"
INFO    : *              located at: pretext/book/chapter/section/subsection/subsubsection/exercise/program
INFO    : *              located within: "lst-anagramsolution" (xml:id)
ERROR   : * PTX:ERROR:   An object (program) lacks a structure number, search output for "[STRUCT]"
INFO    : *              located at: pretext/book/chapter/section/subsection/subsubsection/exercise/program
INFO    : *              located within: "lst-anagramsolution" (xml:id)
ERROR   : * PTX:ERROR:   An object (program) lacks a serial number, search output for "[NUM]"
INFO    : *              located at: pretext/book/chapter/section/subsection/subsubsection/exercise/program
INFO    : *              located within: "lst-anagramsolution" (xml:id)
ERROR   : * PTX:ERROR:   An object (program) lacks a structure number, search output for "[STRUCT]"
INFO    : *              located at: pretext/book/chapter/section/subsection/subsubsection/exercise/program
INFO    : *              located within: "lst-anagramsolution" (xml:id)
ERROR   : * PTX:ERROR:   An object (program) lacks a serial number, search output for "[NUM]"
INFO    : *              located at: pretext/book/chapter/section/subsection/subsubsection/exercise/program
INFO    : *              located within: "lst-ana2" (xml:id)
ERROR   : * PTX:ERROR:   An object (program) lacks a structure number, search output for "[STRUCT]"
INFO    : *              located at: pretext/book/chapter/section/subsection/subsubsection/exercise/program
INFO    : *              located within: "lst-ana2" (xml:id)
ERROR   : * PTX:ERROR:   An object (program) lacks a serial number, search output for "[NUM]"
INFO    : *              located at: pretext/book/chapter/section/subsection/subsubsection/exercise/program
INFO    : *              located within: "lst-ana2" (xml:id)
ERROR   : * PTX:ERROR:   An object (program) lacks a structure number, search output for "[STRUCT]"
INFO    : *              located at: pretext/book/chapter/section/subsection/subsubsection/exercise/program
INFO    : *              located within: "lst-ana2" (xml:id)
ERROR   : * PTX:ERROR:   An object (program) lacks a serial number, search output for "[NUM]"
INFO    : *              located at: pretext/book/chapter/section/subsection/subsubsection/exercise/program
INFO    : *              located within: "lst-ana2" (xml:id)
ERROR   : * PTX:ERROR:   An object (program) lacks a structure number, search output for "[STRUCT]"
INFO    : *              located at: pretext/book/chapter/section/subsection/subsubsection/exercise/program
INFO    : *              located within: "lst-ana2" (xml:id)
ERROR   : * PTX:ERROR:   An object (program) lacks a serial number, search output for "[NUM]"
INFO    : *              located at: pretext/book/chapter/section/subsection/subsubsection/exercise/program
INFO    : *              located within: "lst-ana4" (xml:id)
ERROR   : * PTX:ERROR:   An object (program) lacks a structure number, search output for "[STRUCT]"
INFO    : *              located at: pretext/book/chapter/section/subsection/subsubsection/exercise/program
INFO    : *              located within: "lst-ana4" (xml:id)
ERROR   : * PTX:ERROR:   An object (program) lacks a serial number, search output for "[NUM]"
INFO    : *              located at: pretext/book/chapter/section/subsection/subsubsection/exercise/program
INFO    : *              located within: "lst-ana4" (xml:id)
ERROR   : * PTX:ERROR:   An object (program) lacks a structure number, search output for "[STRUCT]"
INFO    : *              located at: pretext/book/chapter/section/subsection/subsubsection/exercise/program
INFO    : *              located within: "lst-ana4" (xml:id)
ERROR   : * PTX:ERROR:   An object (program) lacks a serial number, search output for "[NUM]"
INFO    : *              located at: pretext/book/chapter/section/subsection/subsubsection/exercise/program
INFO    : *              located within: "lst-ana4" (xml:id)
ERROR   : * PTX:ERROR:   An object (program) lacks a structure number, search output for "[STRUCT]"
INFO    : *              located at: pretext/book/chapter/section/subsection/subsubsection/exercise/program
INFO    : *              located within: "lst-ana4" (xml:id)
WARNING : * PTX:WARNING:    An <xref> wants to build text using a number to identify the target, but the target (which has @xml:id "ca-fig-1") does not have a number. You could try 'text="title"' or 'text="custom"' on the "xref".
INFO    : *              located at: pretext/book/chapter/section/p/xref
INFO    : *              located within: "cellular-automatons_wolfram-s-experiment" (xml:id), "Wolfram's Experiment" (title)
WARNING : * PTX:WARNING:    An <xref> wants to build text using a number to identify the target, but the target (which has @xml:id "ca-fig-5") does not have a number. You could try 'text="title"' or 'text="custom"' on the "xref".
INFO    : *              located at: pretext/book/chapter/section/p/xref
INFO    : *              located within: "ca-fig-4" (xml:id), "Spaceships" (title)
WARNING : * PTX:WARNING:    An <xref> wants to build text using a number to identify the target, but the target (which has @xml:id "gol-fig-5") does not have a number. You could try 'text="title"' or 'text="custom"' on the "xref".
INFO    : *              located at: pretext/book/chapter/section/p/xref
INFO    : *              located within: "game-of-life_conways-conjecture" (xml:id), "Conway's Conjecture" (title)
ERROR   : * PTX:ERROR:   a cross-reference ("xref") uses references [self-organized-criticality_log-log] that do not point to any target, or perhaps point to multiple targets.  Maybe you typed an @xml:id value wrong, maybe the target of the @xml:id is nonexistent, or maybe you temporarily removed the target from your source, or maybe an auxiliary file contains a duplicate.  Your output will contain some placeholder text that you will not want to distribute to your readers.
INFO    : *              located at: pretext/book/chapter/section/p/xref
INFO    : *              located within: "self-organized-criticality_heavy-tailed-distributions" (xml:id), "Heavy-Tailed Distributions" (title)
WARNING : * PTX:WARNING:    An <xref> wants to build text using a number to identify the target, but the target (which has @xml:id "abm-fig-3") does not have a number. You could try 'text="title"' or 'text="custom"' on the "xref".
INFO    : *              located at: pretext/book/chapter/section/p/xref
INFO    : *              located within: "agent-based-models_sugarscape" (xml:id), "Sugarscape" (title)
WARNING : * PTX:WARNING:    An <xref> wants to build text using a number to identify the target, but the target (which has @xml:id "abm-fig-3") does not have a number. You could try 'text="title"' or 'text="custom"' on the "xref".
INFO    : *              located at: pretext/book/chapter/section/p/xref
INFO    : *              located within: "agent-based-models_sugarscape" (xml:id), "Sugarscape" (title)
WARNING : * PTX:WARNING:    An <xref> wants to build text using a number to identify the target, but the target (which has @xml:id "abm-fig-3") does not have a number. You could try 'text="title"' or 'text="custom"' on the "xref".
INFO    : *              located at: pretext/book/chapter/section/p/xref
INFO    : *              located within: "agent-based-models_sugarscape" (xml:id), "Sugarscape" (title)
WARNING : * PTX:WARNING:    An <xref> wants to build text using a number to identify the target, but the target (which has @xml:id "evo-fig-2") does not have a number. You could try 'text="title"' or 'text="custom"' on the "xref".
INFO    : *              located at: pretext/book/chapter/section/p/xref
INFO    : *              located within: "evolution_differential-survival" (xml:id), "Differential Survival" (title)
WARNING : * PTX:WARNING:    An <xref> wants to build text using a number to identify the target, but the target (which has @xml:id "evo-fig-3") does not have a number. You could try 'text="title"' or 'text="custom"' on the "xref".
INFO    : *              located at: pretext/book/chapter/section/p/xref
INFO    : *              located within: "evolution_mutation" (xml:id), "Mutation" (title)
INFO    : successful application of /home/habiba_sorour/.ptx/2.42.0/core/xsl/pretext-html.xsl
INFO    : Removing temporary directory /tmp/ptx-vbno4lwf
INFO    : Removing temporary directory /tmp/ptx-hb89rx07
INFO    : 
Finished build for target web. Run `pretext view web` to see the results.

CRITICAL: There were errors during the build.  See above.
INFO    : ------------------------
CRITICAL: Failed to build without errors.  Exiting...
INFO    : 
----------------------------------------------------
INFO    : While running pretext, the following errors occurred:

INFO    : (see log messages above or in the 'logs' folder for more information)
INFO    : ----------------------------------------------------
